00:54:22 **** Incremental Build of configuration Debug for project STM32F767_ApplicationLib ****
make -j16 all 
make: Nothing to be done for 'all'.
00:54:22 **** Incremental Build of configuration Debug for project STM32F767_DriverLib ****
make -j16 all 
make: Nothing to be done for 'all'.
00:54:23 **** Incremental Build of configuration Debug for project STM32F767_DriverLib ****
make -j16 all 
make: Nothing to be done for 'all'.
00:54:23 **** Incremental Build of configuration Debug for project STM32F767_ApplicationLib ****
make -j16 all 
make: Nothing to be done for 'all'.
00:54:24 **** Incremental Build of configuration Debug for project Project ****
make -j16 all 
arm-none-eabi-gcc "../stm32f767_startup.c" -mcpu=cortex-m7 -std=gnu18 -g3 -DDEBUG -DSTM32 -DSTM32F767IGTx -DSTM32F7 -c -I"E:/GIt/ALIENTEK-STM32F767-/STM32F767_DriverLib" -I"E:/GIt/ALIENTEK-STM32F767-/STM32F767_ApplicationLib" -O0 -ffunction-sections -fdata-sections -Wall -Wextra -pedantic -Wmissing-include-dirs -Wswitch-default -Wswitch-enum -Wconversion -v -fstack-usage -MMD -MP -MF"stm32f767_startup.d" -MT"stm32f767_startup.o" --specs=nano.specs -mfpu=fpv5-d16 -mfloat-abi=hard -mthumb -o "stm32f767_startup.o"
Using built-in specs.
Reading specs from d:/st/stm32cubeide_1.7.0/stm32cubeide/plugins/com.st.stm32cube.ide.mcu.externaltools.gnu-tools-for-stm32.10.3-2021.10.win32_1.0.0.202111181127/tools/bin/../lib/gcc/arm-none-eabi/10.3.1/../../../../arm-none-eabi/lib/nano.specs
rename spec link to nano_link
rename spec link_gcc_c_sequence to nano_link_gcc_c_sequence
rename spec cpp_unique_options to nano_cpp_unique_options
COLLECT_GCC=arm-none-eabi-gcc
Target: arm-none-eabi
Configured with: /build/gnu-tools-for-stm32_10.3-2021.10.20211105-1100/src/gcc/configure --build=x86_64-linux-gnu --host=x86_64-w64-mingw32 --target=arm-none-eabi --prefix=/build/gnu-tools-for-stm32_10.3-2021.10.20211105-1100/install-mingw --libexecdir=/build/gnu-tools-for-stm32_10.3-2021.10.20211105-1100/install-mingw/lib --infodir=/build/gnu-tools-for-stm32_10.3-2021.10.20211105-1100/install-mingw/share/doc/gcc-arm-none-eabi/info --mandir=/build/gnu-tools-for-stm32_10.3-2021.10.20211105-1100/install-mingw/share/doc/gcc-arm-none-eabi/man --htmldir=/build/gnu-tools-for-stm32_10.3-2021.10.20211105-1100/install-mingw/share/doc/gcc-arm-none-eabi/html --pdfdir=/build/gnu-tools-for-stm32_10.3-2021.10.20211105-1100/install-mingw/share/doc/gcc-arm-none-eabi/pdf --enable-languages=c,c++ --enable-mingw-wildcard --disable-decimal-float --disable-libffi --disable-libgomp --disable-libmudflap --disable-libquadmath --disable-libssp --disable-libstdcxx-pch --disable-nls --disable-shared --disable-threads --disable-tls --with-gnu-as --with-gnu-ld --with-headers=yes --with-newlib --with-python-dir=share/gcc-arm-none-eabi --with-sysroot=/build/gnu-tools-for-stm32_10.3-2021.10.20211105-1100/install-mingw/arm-none-eabi --with-libiconv-prefix=/build/gnu-tools-for-stm32_10.3-2021.10.20211105-1100/build-mingw/host-libs/usr --with-gmp=/build/gnu-tools-for-stm32_10.3-2021.10.20211105-1100/build-mingw/host-libs/usr --with-mpfr=/build/gnu-tools-for-stm32_10.3-2021.10.20211105-1100/build-mingw/host-libs/usr --with-mpc=/build/gnu-tools-for-stm32_10.3-2021.10.20211105-1100/build-mingw/host-libs/usr --with-isl=/build/gnu-tools-for-stm32_10.3-2021.10.20211105-1100/build-mingw/host-libs/usr --with-libelf=/build/gnu-tools-for-stm32_10.3-2021.10.20211105-1100/build-mingw/host-libs/usr --with-host-libstdcxx='-static-libgcc -Wl,-Bstatic,-lstdc++,-Bdynamic -lm' --with-pkgversion='GNU Tools for STM32 10.3-2021.10.20211105-1100' --with-multilib-list=rmprofile,aprofile
Thread model: single
Supported LTO compression algorithms: zlib
gcc version 10.3.1 20210824 (release) (GNU Tools for STM32 10.3-2021.10.20211105-1100) 
COLLECT_GCC_OPTIONS='-mcpu=cortex-m7' '-std=gnu17' '-g3' '-D' 'DEBUG' '-D' 'STM32' '-D' 'STM32F767IGTx' '-D' 'STM32F7' '-c' '-I' 'E:/GIt/ALIENTEK-STM32F767-/STM32F767_DriverLib' '-I' 'E:/GIt/ALIENTEK-STM32F767-/STM32F767_ApplicationLib' '-O0' '-ffunction-sections' '-fdata-sections' '-Wall' '-Wextra' '-Wpedantic' '-Wmissing-include-dirs' '-Wswitch-default' '-Wswitch-enum' '-Wconversion' '-v' '-fstack-usage' '-MMD' '-MP' '-MF' 'stm32f767_startup.d' '-MT' 'stm32f767_startup.o' '-specs=nano.specs' '-mfpu=fpv5-d16' '-mfloat-abi=hard' '-mthumb' '-o' 'stm32f767_startup.o' '-mlibarch=armv7e-m+fp.dp' '-march=armv7e-m+fp.dp'
 d:/st/stm32cubeide_1.7.0/stm32cubeide/plugins/com.st.stm32cube.ide.mcu.externaltools.gnu-tools-for-stm32.10.3-2021.10.win32_1.0.0.202111181127/tools/bin/../lib/gcc/arm-none-eabi/10.3.1/cc1.exe -isystem =/include/newlib-nano -quiet -v -I E:/GIt/ALIENTEK-STM32F767-/STM32F767_DriverLib -I E:/GIt/ALIENTEK-STM32F767-/STM32F767_ApplicationLib -imultilib thumb/v7e-m+dp/hard -iprefix d:\st\stm32cubeide_1.7.0\stm32cubeide\plugins\com.st.stm32cube.ide.mcu.externaltools.gnu-tools-for-stm32.10.3-2021.10.win32_1.0.0.202111181127\tools\bin\../lib/gcc/arm-none-eabi/10.3.1/ -isysroot d:\st\stm32cubeide_1.7.0\stm32cubeide\plugins\com.st.stm32cube.ide.mcu.externaltools.gnu-tools-for-stm32.10.3-2021.10.win32_1.0.0.202111181127\tools\bin\../arm-none-eabi -MMD stm32f767_startup.d -MF stm32f767_startup.d -MP -MT stm32f767_startup.o -dD -D__USES_INITFINI__ -D DEBUG -D STM32 -D STM32F767IGTx -D STM32F7 ../stm32f767_startup.c -quiet -dumpbase stm32f767_startup.c -mcpu=cortex-m7 -mfpu=fpv5-d16 -mfloat-abi=hard -mthumb -mlibarch=armv7e-m+fp.dp -march=armv7e-m+fp.dp -auxbase-strip stm32f767_startup.o -g3 -O0 -Wall -Wextra -Wpedantic -Wmissing-include-dirs -Wswitch-default -Wswitch-enum -Wconversion -std=gnu17 -version -ffunction-sections -fdata-sections -fstack-usage -o C:\Users\INDEVI~1\AppData\Local\Temp\ccimksEm.s
GNU C17 (GNU Tools for STM32 10.3-2021.10.20211105-1100) version 10.3.1 20210824 (release) (arm-none-eabi)
	compiled by GNU C version 7.3-win32 20180312, GMP version 6.1.0, MPFR version 3.1.4, MPC version 1.0.3, isl version isl-0.18-GMP

GGC heuristics: --param ggc-min-expand=100 --param ggc-min-heapsize=131072
ignoring duplicate directory "d:/st/stm32cubeide_1.7.0/stm32cubeide/plugins/com.st.stm32cube.ide.mcu.externaltools.gnu-tools-for-stm32.10.3-2021.10.win32_1.0.0.202111181127/tools/lib/gcc/../../lib/gcc/arm-none-eabi/10.3.1/include"
ignoring nonexistent directory "d:\st\stm32cubeide_1.7.0\stm32cubeide\plugins\com.st.stm32cube.ide.mcu.externaltools.gnu-tools-for-stm32.10.3-2021.10.win32_1.0.0.202111181127\tools\bin\../arm-none-eabi/build/gnu-tools-for-stm32_10.3-2021.10.20211105-1100/install-mingw/lib/gcc/arm-none-eabi/10.3.1/../../../../include"
ignoring duplicate directory "d:/st/stm32cubeide_1.7.0/stm32cubeide/plugins/com.st.stm32cube.ide.mcu.externaltools.gnu-tools-for-stm32.10.3-2021.10.win32_1.0.0.202111181127/tools/lib/gcc/../../lib/gcc/arm-none-eabi/10.3.1/include-fixed"
ignoring duplicate directory "d:/st/stm32cubeide_1.7.0/stm32cubeide/plugins/com.st.stm32cube.ide.mcu.externaltools.gnu-tools-for-stm32.10.3-2021.10.win32_1.0.0.202111181127/tools/lib/gcc/../../lib/gcc/arm-none-eabi/10.3.1/../../../../arm-none-eabi/include"
ignoring nonexistent directory "d:\st\stm32cubeide_1.7.0\stm32cubeide\plugins\com.st.stm32cube.ide.mcu.externaltools.gnu-tools-for-stm32.10.3-2021.10.win32_1.0.0.202111181127\tools\bin\../arm-none-eabi/usr/include"
#include "..." search starts here:
#include <...> search starts here:
 E:/GIt/ALIENTEK-STM32F767-/STM32F767_DriverLib
 E:/GIt/ALIENTEK-STM32F767-/STM32F767_ApplicationLib
 d:\st\stm32cubeide_1.7.0\stm32cubeide\plugins\com.st.stm32cube.ide.mcu.externaltools.gnu-tools-for-stm32.10.3-2021.10.win32_1.0.0.202111181127\tools\bin\../arm-none-eabi/include/newlib-nano
 d:\st\stm32cubeide_1.7.0\stm32cubeide\plugins\com.st.stm32cube.ide.mcu.externaltools.gnu-tools-for-stm32.10.3-2021.10.win32_1.0.0.202111181127\tools\bin\../lib/gcc/arm-none-eabi/10.3.1/include
 d:\st\stm32cubeide_1.7.0\stm32cubeide\plugins\com.st.stm32cube.ide.mcu.externaltools.gnu-tools-for-stm32.10.3-2021.10.win32_1.0.0.202111181127\tools\bin\../lib/gcc/arm-none-eabi/10.3.1/include-fixed
 d:\st\stm32cubeide_1.7.0\stm32cubeide\plugins\com.st.stm32cube.ide.mcu.externaltools.gnu-tools-for-stm32.10.3-2021.10.win32_1.0.0.202111181127\tools\bin\../lib/gcc/arm-none-eabi/10.3.1/../../../../arm-none-eabi/include
End of search list.
GNU C17 (GNU Tools for STM32 10.3-2021.10.20211105-1100) version 10.3.1 20210824 (release) (arm-none-eabi)
	compiled by GNU C version 7.3-win32 20180312, GMP version 6.1.0, MPFR version 3.1.4, MPC version 1.0.3, isl version isl-0.18-GMP

GGC heuristics: --param ggc-min-expand=100 --param ggc-min-heapsize=131072
Compiler executable checksum: 63dc17b0c14aab4cf1c67a314bcde1e5
../stm32f767_startup.c:74:5: warning: ISO C forbids conversion of object pointer to function pointer type [-Wpedantic]
   74 |     (void (*)(void))&_main_estack,
      |     ^
../stm32f767_startup.c: In function 'ResetISR':
../stm32f767_startup.c:235:23: warning: passing argument 1 of 'MCU__vSetPSPValue' makes integer from pointer without a cast [-Wint-conversion]
  235 |     MCU__vSetPSPValue(&_estack);
      |                       ^~~~~~~~
      |                       |
      |                       UBase_t * {aka unsigned int *}
In file included from E:/GIt/ALIENTEK-STM32F767-/STM32F767_DriverLib/xDriver_MCU/Common/MCU_Common.h:28,
                 from ../stm32f767_startup.c:27:
E:/GIt/ALIENTEK-STM32F767-/STM32F767_DriverLib/xDriver_MCU/Common/xHeader/MCU_ControlReg.h:40:32: note: expected 'UBase_t' {aka 'unsigned int'} but argument is of type 'UBase_t *' {aka 'unsigned int *'}
   40 | void MCU__vSetPSPValue(UBase_t uxStackValue);
      |                        ~~~~~~~~^~~~~~~~~~~~
../stm32f767_startup.c:238:23: warning: passing argument 1 of 'MCU__vSetPSPValue' makes integer from pointer without a cast [-Wint-conversion]
  238 |     MCU__vSetPSPValue(&_estack);
      |                       ^~~~~~~~
      |                       |
      |                       UBase_t * {aka unsigned int *}
In file included from E:/GIt/ALIENTEK-STM32F767-/STM32F767_DriverLib/xDriver_MCU/Common/MCU_Common.h:28,
                 from ../stm32f767_startup.c:27:
E:/GIt/ALIENTEK-STM32F767-/STM32F767_DriverLib/xDriver_MCU/Common/xHeader/MCU_ControlReg.h:40:32: note: expected 'UBase_t' {aka 'unsigned int'} but argument is of type 'UBase_t *' {aka 'unsigned int *'}
   40 | void MCU__vSetPSPValue(UBase_t uxStackValue);
      |                        ~~~~~~~~^~~~~~~~~~~~
../stm32f767_startup.c:239:23: warning: passing argument 1 of 'MCU__vSetMSPValue' makes integer from pointer without a cast [-Wint-conversion]
  239 |     MCU__vSetMSPValue(&_main_estack);
      |                       ^~~~~~~~~~~~~
      |                       |
      |                       UBase_t * {aka unsigned int *}
In file included from E:/GIt/ALIENTEK-STM32F767-/STM32F767_DriverLib/xDriver_MCU/Common/MCU_Common.h:28,
                 from ../stm32f767_startup.c:27:
E:/GIt/ALIENTEK-STM32F767-/STM32F767_DriverLib/xDriver_MCU/Common/xHeader/MCU_ControlReg.h:43:32: note: expected 'UBase_t' {aka 'unsigned int'} but argument is of type 'UBase_t *' {aka 'unsigned int *'}
   43 | void MCU__vSetMSPValue(UBase_t uxStackValue);
      |                        ~~~~~~~~^~~~~~~~~~~~
COLLECT_GCC_OPTIONS='-mcpu=cortex-m7' '-std=gnu17' '-g3' '-D' 'DEBUG' '-D' 'STM32' '-D' 'STM32F767IGTx' '-D' 'STM32F7' '-c' '-I' 'E:/GIt/ALIENTEK-STM32F767-/STM32F767_DriverLib' '-I' 'E:/GIt/ALIENTEK-STM32F767-/STM32F767_ApplicationLib' '-O0' '-ffunction-sections' '-fdata-sections' '-Wall' '-Wextra' '-Wpedantic' '-Wmissing-include-dirs' '-Wswitch-default' '-Wswitch-enum' '-Wconversion' '-v' '-fstack-usage' '-MMD' '-MP' '-MF' 'stm32f767_startup.d' '-MT' 'stm32f767_startup.o' '-specs=nano.specs' '-mfpu=fpv5-d16' '-mfloat-abi=hard' '-mthumb' '-o' 'stm32f767_startup.o' '-mlibarch=armv7e-m+fp.dp' '-march=armv7e-m+fp.dp'
 d:/st/stm32cubeide_1.7.0/stm32cubeide/plugins/com.st.stm32cube.ide.mcu.externaltools.gnu-tools-for-stm32.10.3-2021.10.win32_1.0.0.202111181127/tools/bin/../lib/gcc/arm-none-eabi/10.3.1/../../../../arm-none-eabi/bin/as.exe -v -I E:/GIt/ALIENTEK-STM32F767-/STM32F767_DriverLib -I E:/GIt/ALIENTEK-STM32F767-/STM32F767_ApplicationLib -march=armv7e-m -mfloat-abi=hard -mfpu=fpv5-d16 -meabi=5 -o stm32f767_startup.o C:\Users\INDEVI~1\AppData\Local\Temp\ccimksEm.s
GNU assembler version 2.36.1 (arm-none-eabi) using BFD version (GNU Tools for STM32 10.3-2021.10.20211105-1100) 2.36.1.20210621
MAKEFLAGS= -j16 
COMPILER_PATH=d:/st/stm32cubeide_1.7.0/stm32cubeide/plugins/com.st.stm32cube.ide.mcu.externaltools.gnu-tools-for-stm32.10.3-2021.10.win32_1.0.0.202111181127/tools/bin/../lib/gcc/arm-none-eabi/10.3.1/;d:/st/stm32cubeide_1.7.0/stm32cubeide/plugins/com.st.stm32cube.ide.mcu.externaltools.gnu-tools-for-stm32.10.3-2021.10.win32_1.0.0.202111181127/tools/bin/../lib/gcc/;d:/st/stm32cubeide_1.7.0/stm32cubeide/plugins/com.st.stm32cube.ide.mcu.externaltools.gnu-tools-for-stm32.10.3-2021.10.win32_1.0.0.202111181127/tools/bin/../lib/gcc/arm-none-eabi/10.3.1/../../../../arm-none-eabi/bin/
LIBRARY_PATH=d:/st/stm32cubeide_1.7.0/stm32cubeide/plugins/com.st.stm32cube.ide.mcu.externaltools.gnu-tools-for-stm32.10.3-2021.10.win32_1.0.0.202111181127/tools/bin/../lib/gcc/arm-none-eabi/10.3.1/thumb/v7e-m+dp/hard/;d:/st/stm32cubeide_1.7.0/stm32cubeide/plugins/com.st.stm32cube.ide.mcu.externaltools.gnu-tools-for-stm32.10.3-2021.10.win32_1.0.0.202111181127/tools/bin/../lib/gcc/arm-none-eabi/10.3.1/../../../../arm-none-eabi/lib/thumb/v7e-m+dp/hard/;d:/st/stm32cubeide_1.7.0/stm32cubeide/plugins/com.st.stm32cube.ide.mcu.externaltools.gnu-tools-for-stm32.10.3-2021.10.win32_1.0.0.202111181127/tools/bin/../arm-none-eabi/lib/thumb/v7e-m+dp/hard/;d:/st/stm32cubeide_1.7.0/stm32cubeide/plugins/com.st.stm32cube.ide.mcu.externaltools.gnu-tools-for-stm32.10.3-2021.10.win32_1.0.0.202111181127/tools/bin/../lib/gcc/arm-none-eabi/10.3.1/;d:/st/stm32cubeide_1.7.0/stm32cubeide/plugins/com.st.stm32cube.ide.mcu.externaltools.gnu-tools-for-stm32.10.3-2021.10.win32_1.0.0.202111181127/tools/bin/../lib/gcc/;d:/st/stm32cubeide_1.7.0/stm32cubeide/plugins/com.st.stm32cube.ide.mcu.externaltools.gnu-tools-for-stm32.10.3-2021.10.win32_1.0.0.202111181127/tools/bin/../lib/gcc/arm-none-eabi/10.3.1/../../../../arm-none-eabi/lib/;d:/st/stm32cubeide_1.7.0/stm32cubeide/plugins/com.st.stm32cube.ide.mcu.externaltools.gnu-tools-for-stm32.10.3-2021.10.win32_1.0.0.202111181127/tools/bin/../arm-none-eabi/lib/
COLLECT_GCC_OPTIONS='-mcpu=cortex-m7' '-std=gnu17' '-g3' '-D' 'DEBUG' '-D' 'STM32' '-D' 'STM32F767IGTx' '-D' 'STM32F7' '-c' '-I' 'E:/GIt/ALIENTEK-STM32F767-/STM32F767_DriverLib' '-I' 'E:/GIt/ALIENTEK-STM32F767-/STM32F767_ApplicationLib' '-O0' '-ffunction-sections' '-fdata-sections' '-Wall' '-Wextra' '-Wpedantic' '-Wmissing-include-dirs' '-Wswitch-default' '-Wswitch-enum' '-Wconversion' '-v' '-fstack-usage' '-MMD' '-MP' '-MF' 'stm32f767_startup.d' '-MT' 'stm32f767_startup.o' '-specs=nano.specs' '-mfpu=fpv5-d16' '-mfloat-abi=hard' '-mthumb' '-o' 'stm32f767_startup.o' '-mlibarch=armv7e-m+fp.dp' '-march=armv7e-m+fp.dp'
arm-none-eabi-gcc -o "Project.elf" @"objects.list"  -lSTM32F767_DriverLib -lSTM32F767_ApplicationLib -mcpu=cortex-m7 -T"E:\GIt\ALIENTEK-STM32F767-\Project\STM32F767IGTX_Main.ld" --specs=nosys.specs -Wl,-Map="Project.map" -Wl,--cref -Wl,--gc-sections -Wl,--verbose -static -L"E:\GIt\ALIENTEK-STM32F767-\STM32F767_DriverLib\Debug" -L"E:\GIt\ALIENTEK-STM32F767-\STM32F767_ApplicationLib\Debug" --specs=nano.specs -mfpu=fpv5-d16 -mfloat-abi=hard -mthumb -Wl,--start-group -lc -lm -Wl,--end-group
GNU ld (GNU Tools for STM32 10.3-2021.10.20211105-1100) 2.36.1.20210621
  Supported emulations:
   armelf
opened script file E:\GIt\ALIENTEK-STM32F767-\Project\STM32F767IGTX_Main.ld
using external linker script:
==================================================
/*
******************************************************************************
**
** @file        : LinkerScript.ld
**
** @author      : Auto-generated by STM32CubeIDE
**
** @brief       : Linker script for STM32F767IGTx Device from STM32F7 series
**                      1024Kbytes FLASH
**                      512Kbytes RAM
**
**                Set heap size, stack size and stack location according
**                to application requirements.
**
**                Set memory bank area and size if external memory is used
**
**  Target      : STMicroelectronics STM32
**
**  Distribution: The file is distributed as is, without any warranty
**                of any kind.
**
******************************************************************************
** @attention
**
** Copyright (c) 2022 STMicroelectronics.
** All rights reserved.
**
** This software is licensed under terms that can be found in the LICENSE file
** in the root directory of this software component.
** If no LICENSE file comes with this software, it is provided AS-IS.
**
******************************************************************************
*/

/* Entry Point */
ENTRY(ResetISR)

/* Memories definition */
MEMORY
{
  ITCM_TABLE  (xrw) : ORIGIN = 0x00000000,   LENGTH = 0x00000400
  ITCM_RAM     (xrw) : ORIGIN = 0x00000400,   LENGTH = 0x00003C00
  ITCM_VTABLE  (rx)  : ORIGIN = 0x00200000,   LENGTH = 0x00000400 /*Device with 1MB*/
  ITCM_FLASH   (rx)  : ORIGIN = 0x00200400,   LENGTH = 0x00FFC000 /*Device with 1MB*/
  AXIM_VTABLE  (rx)  : ORIGIN = 0x08000000,   LENGTH = 0x00000400
  AXIM_FLASH   (rx)  : ORIGIN = 0x08000400,   LENGTH = 0x00FFC000
  OPTION_BYTES (r)   : ORIGIN = 0x1FFF0000,   LENGTH = 0x00000020
  DTCM_RAM     (rw)  : ORIGIN = 0x20000000,   LENGTH = 0x00020000
  SRAM_DATA    (rw)  : ORIGIN = 0x20020000,   LENGTH = 0x00040000
  SRAM_HEAP    (rw)  : ORIGIN = 0x20060000,   LENGTH = 0x00010000
  SRAM_STACK   (rw)  : ORIGIN = 0x20070000,   LENGTH = 0x00006000
  SRAM_MSTACK  (rw)  : ORIGIN = 0x20076000,   LENGTH = 0x00006000
  SRAM_CODE    (xrw) : ORIGIN = 0x2007C000,   LENGTH = 0x00004000
  MEMORY_B1    (rx)  : ORIGIN = 0x60000000,   LENGTH = 0x00000000
  SDRAM        (rw)  : ORIGIN = 0xD0000000,   LENGTH = 0x00800000
}

/* Sections */
SECTIONS
{
	/* The startup code into "FLASH" Rom type memory */
  
  
    PROVIDE (_intvecs_base_address = 0x08000000);
	.intvecs (_intvecs_base_address) : AT (_intvecs_base_address) {  
    	KEEP(*(.intvecs)) /* Startup code */
	} > AXIM_VTABLE

    PROVIDE (_vtable_base_address = 0x00000000);
    .vtable (_vtable_base_address) : AT (_vtable_base_address) {
        KEEP (*(.vtable))
    } > ITCM_TABLE
    

	/* The program code and other data into "FLASH" Rom type memory */

    .text : {
        CREATE_OBJECT_SYMBOLS
        . = ALIGN(4);
        *(.text)
        *(.text.*)
	    *(.glue_7)         /* glue arm to thumb code */
	    *(.glue_7t)        /* glue thumb to arm code */
	    *(.eh_frame)
        . = ALIGN(0x4);
        KEEP (*(.ctors))
        . = ALIGN(0x4);
        KEEP (*(.dtors))
        __etext = .;
        _etext = __etext;
        etext = __etext;
    } > AXIM_FLASH    

  	.init :
  	{
    	. = ALIGN(4);
    	PROVIDE_HIDDEN (__init_start = .);
        KEEP (*(.init))
    	PROVIDE_HIDDEN (__init_end = .);
    	. = ALIGN(4);
  	} >AXIM_FLASH

  	.finit :
  	{
    	. = ALIGN(4);
    	PROVIDE_HIDDEN (__finit_start = .);
        KEEP (*(.fini*))
    	PROVIDE_HIDDEN (__finit_end = .);
    	. = ALIGN(4);
  	} >AXIM_FLASH

    .ARM.extab : {
    	. = ALIGN(4);
        *(.ARM.extab* .gnu.linkonce.armextab.*)
    	. = ALIGN(4);
    } > AXIM_FLASH

    .ARM.exidx : {
    	. = ALIGN(4);
        __exidx_start = .;
        *(.ARM.exidx* .gnu.linkonce.armexidx.*)
        __exidx_end = .;
    	. = ALIGN(4);
    } > AXIM_FLASH
    
	.preinit_array     :
	{
    	. = ALIGN(4);
    	PROVIDE_HIDDEN (__preinit_array_start = .);
    	KEEP (*(.preinit_array*))
    	PROVIDE_HIDDEN (__preinit_array_end = .);
    	. = ALIGN(4);
  	} >AXIM_FLASH

  	.init_array :
  	{
    	. = ALIGN(4);
    	PROVIDE_HIDDEN (__init_array_start = .);
    	KEEP (*(SORT(.init_array.*)))
    	KEEP (*(.init_array*))
    	PROVIDE_HIDDEN (__init_array_end = .);
    	. = ALIGN(4);
  	} >AXIM_FLASH

  	.fini_array :
  	{
    	. = ALIGN(4);
    	PROVIDE_HIDDEN (__fini_array_start = .);
    	KEEP (*(SORT(.fini_array.*)))
    	KEEP (*(.fini_array*))
    	PROVIDE_HIDDEN (__fini_array_end = .);
    	. = ALIGN(4);
  	} >AXIM_FLASH
    
    __itcmramcode_load__ = LOADADDR (.itcmramcode);
    .itcmramcode : {
        . = ALIGN(4);
        __itcmramcode_start__ = .;
        *(.itcmRamFunc)        /* .itcmRamFunc sections */
        *(.itcmRamFunc*)       /* .itcmRamFunc* sections */
        *(.itcmramcode)
        *(.itcmramcode*)
        . = ALIGN (4);
        __itcmramcode_end__ = .;
    } > ITCM_RAM AT> AXIM_FLASH
    
    __ramcode_load__ = LOADADDR (.ramcode);
    .ramcode : {
        . = ALIGN(4);
        __ramcode_start__ = .;
        *(.RamFunc)        /* .RamFunc sections */
        *(.RamFunc*)       /* .RamFunc* sections */
        *(.ramcode)
        *(.ramcode*)
        . = ALIGN (4);
        __ramcode_end__ = .;
    } > SRAM_CODE AT> AXIM_FLASH
  

  /* Constant data into "FLASH" Rom type memory */
	.rodata :
	{
   		. = ALIGN(4);
    	*(.rodata)         /* .rodata sections (constants, strings, etc.) */
    	*(.rodata*)        /* .rodata* sections (constants, strings, etc.) */
    	. = ALIGN(4);
	} >AXIM_FLASH


  /* Used by the startup to initialize data */

  /* Initialized data sections into "RAM" Ram type memory */
  	_sidata  = LOADADDR(.data);
  	__data_load__ = _sidata ;
	.data :
	{
    	. = ALIGN(4);    
    	__data_start__ = .;        /* create a global symbol at data start */
    	_sdata = __data_start__;        /* create a global symbol at data start */
    	*(.data)           /* .data sections */
    	*(.data*)          /* .data* sections */
    	. = ALIGN(4);
    	_edata = .;
    	__data_end__ = _edata;
	} >SRAM_DATA AT> AXIM_FLASH

  /* Uninitialized data section into "RAM" Ram type memory */
	. = ALIGN(4);
	.bss :
	{
    	/* This is used by the startup in order to initialize the .bss section */
   		_sbss = .;         /* define a global symbol at bss start */
    	__bss_start__ = _sbss;         /* define a global symbol at bss start */
        *(.shbss)
    	*(.bss)
    	*(.bss*)
    	*(COMMON)
    	. = ALIGN(4);
    	_ebss = .;         /* define a global symbol at bss end */
    	__bss_end__ = _ebss;
    } >SRAM_DATA

  /* User_heap_stack section, used to check that there is enough "RAM" Ram  type memory left */
  
_Min_Heap_Size = __heap_end__ - __heap_start__; /* required amount of heap */
  .heap :
  {
    . = ALIGN(8);
    __heap_start__ = .;
    end = __heap_start__;
    _end = end;
    __end = end;
    KEEP(*(.heap))
    . = ALIGN(8);
  } >SRAM_HEAP
  
__heap_end__ = ORIGIN(SRAM_HEAP) + LENGTH(SRAM_HEAP); /* end of "RAM" Ram type memory */
__HeapLimit = __heap_end__;

_Min_Stack_Size = __stack_end__ - _stack; /* required amount of stack */
    
    .stack : ALIGN(0x8) {
        _stack = .;
        __stack = .;
        KEEP(*(.stack))
    } > SRAM_STACK


_estack = ORIGIN(SRAM_STACK) + LENGTH(SRAM_STACK); /* end of "RAM" Ram type memory */
__stack_end__ = _estack;


_Min_Main_Stack_Size = __main_stack_end__ - _main_stack; /* required amount of stack */
    
    .stack : ALIGN(0x8) {
        _main_stack = .;
        __main_stack = .;
        KEEP(*(.main_stack))
    } > SRAM_MSTACK


_main_estack = ORIGIN(SRAM_MSTACK) + LENGTH(SRAM_MSTACK); /* end of "RAM" Ram type memory */
__main_stack_end__ = _main_estack;

  /* Remove information from the compiler libraries */
  /DISCARD/ :
  {
    libc.a ( * )
    libm.a ( * )
    libgcc.a ( * )
  }

  .ARM.attributes 0 : { *(.ARM.attributes) }
}

==================================================
d:\st\stm32cubeide_1.7.0\stm32cubeide\plugins\com.st.stm32cube.ide.mcu.externaltools.gnu-tools-for-stm32.10.3-2021.10.win32_1.0.0.202111181127\tools\arm-none-eabi\bin\ld.exe: mode armelf
attempt to open d:/st/stm32cubeide_1.7.0/stm32cubeide/plugins/com.st.stm32cube.ide.mcu.externaltools.gnu-tools-for-stm32.10.3-2021.10.win32_1.0.0.202111181127/tools/bin/../lib/gcc/arm-none-eabi/10.3.1/thumb/v7e-m+dp/hard/crti.o succeeded
d:/st/stm32cubeide_1.7.0/stm32cubeide/plugins/com.st.stm32cube.ide.mcu.externaltools.gnu-tools-for-stm32.10.3-2021.10.win32_1.0.0.202111181127/tools/bin/../lib/gcc/arm-none-eabi/10.3.1/thumb/v7e-m+dp/hard/crti.o
attempt to open d:/st/stm32cubeide_1.7.0/stm32cubeide/plugins/com.st.stm32cube.ide.mcu.externaltools.gnu-tools-for-stm32.10.3-2021.10.win32_1.0.0.202111181127/tools/bin/../lib/gcc/arm-none-eabi/10.3.1/thumb/v7e-m+dp/hard/crtbegin.o succeeded
d:/st/stm32cubeide_1.7.0/stm32cubeide/plugins/com.st.stm32cube.ide.mcu.externaltools.gnu-tools-for-stm32.10.3-2021.10.win32_1.0.0.202111181127/tools/bin/../lib/gcc/arm-none-eabi/10.3.1/thumb/v7e-m+dp/hard/crtbegin.o
attempt to open d:/st/stm32cubeide_1.7.0/stm32cubeide/plugins/com.st.stm32cube.ide.mcu.externaltools.gnu-tools-for-stm32.10.3-2021.10.win32_1.0.0.202111181127/tools/bin/../lib/gcc/arm-none-eabi/10.3.1/../../../../arm-none-eabi/lib/thumb/v7e-m+dp/hard/crt0.o succeeded
d:/st/stm32cubeide_1.7.0/stm32cubeide/plugins/com.st.stm32cube.ide.mcu.externaltools.gnu-tools-for-stm32.10.3-2021.10.win32_1.0.0.202111181127/tools/bin/../lib/gcc/arm-none-eabi/10.3.1/../../../../arm-none-eabi/lib/thumb/v7e-m+dp/hard/crt0.o
attempt to open ./Src/main.o succeeded
./Src/main.o
attempt to open ./Src/syscalls.o succeeded
./Src/syscalls.o
attempt to open ./Src/sysmem.o succeeded
./Src/sysmem.o
attempt to open ./stm32f767_startup.o succeeded
./stm32f767_startup.o
attempt to open E:\GIt\ALIENTEK-STM32F767-\STM32F767_DriverLib\Debug\libSTM32F767_DriverLib.a succeeded
E:\GIt\ALIENTEK-STM32F767-\STM32F767_DriverLib\Debug\libSTM32F767_DriverLib.a
(E:\GIt\ALIENTEK-STM32F767-\STM32F767_DriverLib\Debug\libSTM32F767_DriverLib.a)MCU_ControlReg_gnu.o
(E:\GIt\ALIENTEK-STM32F767-\STM32F767_DriverLib\Debug\libSTM32F767_DriverLib.a)FPU_Init.o
(E:\GIt\ALIENTEK-STM32F767-\STM32F767_DriverLib\Debug\libSTM32F767_DriverLib.a)FPU_AccessType.o
(E:\GIt\ALIENTEK-STM32F767-\STM32F767_DriverLib\Debug\libSTM32F767_DriverLib.a)FPU_AutoPreservation.o
(E:\GIt\ALIENTEK-STM32F767-\STM32F767_DriverLib\Debug\libSTM32F767_DriverLib.a)FPU_HalfPrecision.o
(E:\GIt\ALIENTEK-STM32F767-\STM32F767_DriverLib\Debug\libSTM32F767_DriverLib.a)FPU_LazyPreservation.o
(E:\GIt\ALIENTEK-STM32F767-\STM32F767_DriverLib\Debug\libSTM32F767_DriverLib.a)FPU_Mode.o
(E:\GIt\ALIENTEK-STM32F767-\STM32F767_DriverLib\Debug\libSTM32F767_DriverLib.a)FPU_NAN.o
(E:\GIt\ALIENTEK-STM32F767-\STM32F767_DriverLib\Debug\libSTM32F767_DriverLib.a)FPU_Rounding.o
(E:\GIt\ALIENTEK-STM32F767-\STM32F767_DriverLib\Debug\libSTM32F767_DriverLib.a)NVIC_DeInitInterrupts.o
(E:\GIt\ALIENTEK-STM32F767-\STM32F767_DriverLib\Debug\libSTM32F767_DriverLib.a)NVIC_Enable.o
(E:\GIt\ALIENTEK-STM32F767-\STM32F767_DriverLib\Debug\libSTM32F767_DriverLib.a)NVIC_Priority.o
(E:\GIt\ALIENTEK-STM32F767-\STM32F767_DriverLib\Debug\libSTM32F767_DriverLib.a)NVIC_ReadReg.o
(E:\GIt\ALIENTEK-STM32F767-\STM32F767_DriverLib\Debug\libSTM32F767_DriverLib.a)NVIC_WriteReg.o
(E:\GIt\ALIENTEK-STM32F767-\STM32F767_DriverLib\Debug\libSTM32F767_DriverLib.a)MCU_CheckParams.o
(E:\GIt\ALIENTEK-STM32F767-\STM32F767_DriverLib\Debug\libSTM32F767_DriverLib.a)MCU_FloatingPoint.o
(E:\GIt\ALIENTEK-STM32F767-\STM32F767_DriverLib\Debug\libSTM32F767_DriverLib.a)MCU_FloatingPoint_gnu.o
(E:\GIt\ALIENTEK-STM32F767-\STM32F767_DriverLib\Debug\libSTM32F767_DriverLib.a)FPU_ReadRegister.o
(E:\GIt\ALIENTEK-STM32F767-\STM32F767_DriverLib\Debug\libSTM32F767_DriverLib.a)FPU_WriteRegister.o
(E:\GIt\ALIENTEK-STM32F767-\STM32F767_DriverLib\Debug\libSTM32F767_DriverLib.a)FPU_RegisterPeripheral.o
(E:\GIt\ALIENTEK-STM32F767-\STM32F767_DriverLib\Debug\libSTM32F767_DriverLib.a)NVIC_ReadRegister.o
(E:\GIt\ALIENTEK-STM32F767-\STM32F767_DriverLib\Debug\libSTM32F767_DriverLib.a)NVIC_WriteRegister.o
(E:\GIt\ALIENTEK-STM32F767-\STM32F767_DriverLib\Debug\libSTM32F767_DriverLib.a)NVIC_RegisterPeripheral.o
(E:\GIt\ALIENTEK-STM32F767-\STM32F767_DriverLib\Debug\libSTM32F767_DriverLib.a)MCU_ReadReg.o
(E:\GIt\ALIENTEK-STM32F767-\STM32F767_DriverLib\Debug\libSTM32F767_DriverLib.a)MCU_WriteReg.o
(E:\GIt\ALIENTEK-STM32F767-\STM32F767_DriverLib\Debug\libSTM32F767_DriverLib.a)MCU_Interrupt_gnu.o
attempt to open E:\GIt\ALIENTEK-STM32F767-\STM32F767_DriverLib\Debug\libSTM32F767_ApplicationLib.a failed
attempt to open E:\GIt\ALIENTEK-STM32F767-\STM32F767_ApplicationLib\Debug\libSTM32F767_ApplicationLib.a succeeded
E:\GIt\ALIENTEK-STM32F767-\STM32F767_ApplicationLib\Debug\libSTM32F767_ApplicationLib.a
attempt to open E:\GIt\ALIENTEK-STM32F767-\STM32F767_DriverLib\Debug\libc_nano.a failed
attempt to open E:\GIt\ALIENTEK-STM32F767-\STM32F767_ApplicationLib\Debug\libc_nano.a failed
attempt to open d:/st/stm32cubeide_1.7.0/stm32cubeide/plugins/com.st.stm32cube.ide.mcu.externaltools.gnu-tools-for-stm32.10.3-2021.10.win32_1.0.0.202111181127/tools/bin/../lib/gcc/arm-none-eabi/10.3.1/thumb/v7e-m+dp/hard\libc_nano.a failed
attempt to open d:/st/stm32cubeide_1.7.0/stm32cubeide/plugins/com.st.stm32cube.ide.mcu.externaltools.gnu-tools-for-stm32.10.3-2021.10.win32_1.0.0.202111181127/tools/bin/../lib/gcc/arm-none-eabi/10.3.1/../../../../arm-none-eabi/lib/thumb/v7e-m+dp/hard\libc_nano.a succeeded
d:/st/stm32cubeide_1.7.0/stm32cubeide/plugins/com.st.stm32cube.ide.mcu.externaltools.gnu-tools-for-stm32.10.3-2021.10.win32_1.0.0.202111181127/tools/bin/../lib/gcc/arm-none-eabi/10.3.1/../../../../arm-none-eabi/lib/thumb/v7e-m+dp/hard\libc_nano.a
(d:/st/stm32cubeide_1.7.0/stm32cubeide/plugins/com.st.stm32cube.ide.mcu.externaltools.gnu-tools-for-stm32.10.3-2021.10.win32_1.0.0.202111181127/tools/bin/../lib/gcc/arm-none-eabi/10.3.1/../../../../arm-none-eabi/lib/thumb/v7e-m+dp/hard\libc_nano.a)lib_a-errno.o
(d:/st/stm32cubeide_1.7.0/stm32cubeide/plugins/com.st.stm32cube.ide.mcu.externaltools.gnu-tools-for-stm32.10.3-2021.10.win32_1.0.0.202111181127/tools/bin/../lib/gcc/arm-none-eabi/10.3.1/../../../../arm-none-eabi/lib/thumb/v7e-m+dp/hard\libc_nano.a)lib_a-exit.o
(d:/st/stm32cubeide_1.7.0/stm32cubeide/plugins/com.st.stm32cube.ide.mcu.externaltools.gnu-tools-for-stm32.10.3-2021.10.win32_1.0.0.202111181127/tools/bin/../lib/gcc/arm-none-eabi/10.3.1/../../../../arm-none-eabi/lib/thumb/v7e-m+dp/hard\libc_nano.a)lib_a-impure.o
(d:/st/stm32cubeide_1.7.0/stm32cubeide/plugins/com.st.stm32cube.ide.mcu.externaltools.gnu-tools-for-stm32.10.3-2021.10.win32_1.0.0.202111181127/tools/bin/../lib/gcc/arm-none-eabi/10.3.1/../../../../arm-none-eabi/lib/thumb/v7e-m+dp/hard\libc_nano.a)lib_a-init.o
(d:/st/stm32cubeide_1.7.0/stm32cubeide/plugins/com.st.stm32cube.ide.mcu.externaltools.gnu-tools-for-stm32.10.3-2021.10.win32_1.0.0.202111181127/tools/bin/../lib/gcc/arm-none-eabi/10.3.1/../../../../arm-none-eabi/lib/thumb/v7e-m+dp/hard\libc_nano.a)lib_a-memset.o
attempt to open E:\GIt\ALIENTEK-STM32F767-\STM32F767_DriverLib\Debug\libm.a failed
attempt to open E:\GIt\ALIENTEK-STM32F767-\STM32F767_ApplicationLib\Debug\libm.a failed
attempt to open d:/st/stm32cubeide_1.7.0/stm32cubeide/plugins/com.st.stm32cube.ide.mcu.externaltools.gnu-tools-for-stm32.10.3-2021.10.win32_1.0.0.202111181127/tools/bin/../lib/gcc/arm-none-eabi/10.3.1/thumb/v7e-m+dp/hard\libm.a failed
attempt to open d:/st/stm32cubeide_1.7.0/stm32cubeide/plugins/com.st.stm32cube.ide.mcu.externaltools.gnu-tools-for-stm32.10.3-2021.10.win32_1.0.0.202111181127/tools/bin/../lib/gcc/arm-none-eabi/10.3.1/../../../../arm-none-eabi/lib/thumb/v7e-m+dp/hard\libm.a succeeded
d:/st/stm32cubeide_1.7.0/stm32cubeide/plugins/com.st.stm32cube.ide.mcu.externaltools.gnu-tools-for-stm32.10.3-2021.10.win32_1.0.0.202111181127/tools/bin/../lib/gcc/arm-none-eabi/10.3.1/../../../../arm-none-eabi/lib/thumb/v7e-m+dp/hard\libm.a
d:/st/stm32cubeide_1.7.0/stm32cubeide/plugins/com.st.stm32cube.ide.mcu.externaltools.gnu-tools-for-stm32.10.3-2021.10.win32_1.0.0.202111181127/tools/bin/../lib/gcc/arm-none-eabi/10.3.1/../../../../arm-none-eabi/lib/thumb/v7e-m+dp/hard\libc_nano.a
d:/st/stm32cubeide_1.7.0/stm32cubeide/plugins/com.st.stm32cube.ide.mcu.externaltools.gnu-tools-for-stm32.10.3-2021.10.win32_1.0.0.202111181127/tools/bin/../lib/gcc/arm-none-eabi/10.3.1/../../../../arm-none-eabi/lib/thumb/v7e-m+dp/hard\libm.a
attempt to open E:\GIt\ALIENTEK-STM32F767-\STM32F767_DriverLib\Debug\libgcc.a failed
attempt to open E:\GIt\ALIENTEK-STM32F767-\STM32F767_ApplicationLib\Debug\libgcc.a failed
attempt to open d:/st/stm32cubeide_1.7.0/stm32cubeide/plugins/com.st.stm32cube.ide.mcu.externaltools.gnu-tools-for-stm32.10.3-2021.10.win32_1.0.0.202111181127/tools/bin/../lib/gcc/arm-none-eabi/10.3.1/thumb/v7e-m+dp/hard\libgcc.a succeeded
d:/st/stm32cubeide_1.7.0/stm32cubeide/plugins/com.st.stm32cube.ide.mcu.externaltools.gnu-tools-for-stm32.10.3-2021.10.win32_1.0.0.202111181127/tools/bin/../lib/gcc/arm-none-eabi/10.3.1/thumb/v7e-m+dp/hard\libgcc.a
attempt to open E:\GIt\ALIENTEK-STM32F767-\STM32F767_DriverLib\Debug\libc_nano.a failed
attempt to open E:\GIt\ALIENTEK-STM32F767-\STM32F767_ApplicationLib\Debug\libc_nano.a failed
attempt to open d:/st/stm32cubeide_1.7.0/stm32cubeide/plugins/com.st.stm32cube.ide.mcu.externaltools.gnu-tools-for-stm32.10.3-2021.10.win32_1.0.0.202111181127/tools/bin/../lib/gcc/arm-none-eabi/10.3.1/thumb/v7e-m+dp/hard\libc_nano.a failed
attempt to open d:/st/stm32cubeide_1.7.0/stm32cubeide/plugins/com.st.stm32cube.ide.mcu.externaltools.gnu-tools-for-stm32.10.3-2021.10.win32_1.0.0.202111181127/tools/bin/../lib/gcc/arm-none-eabi/10.3.1/../../../../arm-none-eabi/lib/thumb/v7e-m+dp/hard\libc_nano.a succeeded
d:/st/stm32cubeide_1.7.0/stm32cubeide/plugins/com.st.stm32cube.ide.mcu.externaltools.gnu-tools-for-stm32.10.3-2021.10.win32_1.0.0.202111181127/tools/bin/../lib/gcc/arm-none-eabi/10.3.1/../../../../arm-none-eabi/lib/thumb/v7e-m+dp/hard\libc_nano.a
attempt to open E:\GIt\ALIENTEK-STM32F767-\STM32F767_DriverLib\Debug\libgcc.a failed
attempt to open E:\GIt\ALIENTEK-STM32F767-\STM32F767_ApplicationLib\Debug\libgcc.a failed
attempt to open d:/st/stm32cubeide_1.7.0/stm32cubeide/plugins/com.st.stm32cube.ide.mcu.externaltools.gnu-tools-for-stm32.10.3-2021.10.win32_1.0.0.202111181127/tools/bin/../lib/gcc/arm-none-eabi/10.3.1/thumb/v7e-m+dp/hard\libgcc.a succeeded
d:/st/stm32cubeide_1.7.0/stm32cubeide/plugins/com.st.stm32cube.ide.mcu.externaltools.gnu-tools-for-stm32.10.3-2021.10.win32_1.0.0.202111181127/tools/bin/../lib/gcc/arm-none-eabi/10.3.1/thumb/v7e-m+dp/hard\libgcc.a
attempt to open E:\GIt\ALIENTEK-STM32F767-\STM32F767_DriverLib\Debug\libc_nano.a failed
attempt to open E:\GIt\ALIENTEK-STM32F767-\STM32F767_ApplicationLib\Debug\libc_nano.a failed
attempt to open d:/st/stm32cubeide_1.7.0/stm32cubeide/plugins/com.st.stm32cube.ide.mcu.externaltools.gnu-tools-for-stm32.10.3-2021.10.win32_1.0.0.202111181127/tools/bin/../lib/gcc/arm-none-eabi/10.3.1/thumb/v7e-m+dp/hard\libc_nano.a failed
attempt to open d:/st/stm32cubeide_1.7.0/stm32cubeide/plugins/com.st.stm32cube.ide.mcu.externaltools.gnu-tools-for-stm32.10.3-2021.10.win32_1.0.0.202111181127/tools/bin/../lib/gcc/arm-none-eabi/10.3.1/../../../../arm-none-eabi/lib/thumb/v7e-m+dp/hard\libc_nano.a succeeded
d:/st/stm32cubeide_1.7.0/stm32cubeide/plugins/com.st.stm32cube.ide.mcu.externaltools.gnu-tools-for-stm32.10.3-2021.10.win32_1.0.0.202111181127/tools/bin/../lib/gcc/arm-none-eabi/10.3.1/../../../../arm-none-eabi/lib/thumb/v7e-m+dp/hard\libc_nano.a
attempt to open E:\GIt\ALIENTEK-STM32F767-\STM32F767_DriverLib\Debug\libnosys.a failed
attempt to open E:\GIt\ALIENTEK-STM32F767-\STM32F767_ApplicationLib\Debug\libnosys.a failed
attempt to open d:/st/stm32cubeide_1.7.0/stm32cubeide/plugins/com.st.stm32cube.ide.mcu.externaltools.gnu-tools-for-stm32.10.3-2021.10.win32_1.0.0.202111181127/tools/bin/../lib/gcc/arm-none-eabi/10.3.1/thumb/v7e-m+dp/hard\libnosys.a failed
attempt to open d:/st/stm32cubeide_1.7.0/stm32cubeide/plugins/com.st.stm32cube.ide.mcu.externaltools.gnu-tools-for-stm32.10.3-2021.10.win32_1.0.0.202111181127/tools/bin/../lib/gcc/arm-none-eabi/10.3.1/../../../../arm-none-eabi/lib/thumb/v7e-m+dp/hard\libnosys.a succeeded
d:/st/stm32cubeide_1.7.0/stm32cubeide/plugins/com.st.stm32cube.ide.mcu.externaltools.gnu-tools-for-stm32.10.3-2021.10.win32_1.0.0.202111181127/tools/bin/../lib/gcc/arm-none-eabi/10.3.1/../../../../arm-none-eabi/lib/thumb/v7e-m+dp/hard\libnosys.a
attempt to open E:\GIt\ALIENTEK-STM32F767-\STM32F767_DriverLib\Debug\libgcc.a failed
attempt to open E:\GIt\ALIENTEK-STM32F767-\STM32F767_ApplicationLib\Debug\libgcc.a failed
attempt to open d:/st/stm32cubeide_1.7.0/stm32cubeide/plugins/com.st.stm32cube.ide.mcu.externaltools.gnu-tools-for-stm32.10.3-2021.10.win32_1.0.0.202111181127/tools/bin/../lib/gcc/arm-none-eabi/10.3.1/thumb/v7e-m+dp/hard\libgcc.a succeeded
d:/st/stm32cubeide_1.7.0/stm32cubeide/plugins/com.st.stm32cube.ide.mcu.externaltools.gnu-tools-for-stm32.10.3-2021.10.win32_1.0.0.202111181127/tools/bin/../lib/gcc/arm-none-eabi/10.3.1/thumb/v7e-m+dp/hard\libgcc.a
attempt to open E:\GIt\ALIENTEK-STM32F767-\STM32F767_DriverLib\Debug\libc_nano.a failed
attempt to open E:\GIt\ALIENTEK-STM32F767-\STM32F767_ApplicationLib\Debug\libc_nano.a failed
attempt to open d:/st/stm32cubeide_1.7.0/stm32cubeide/plugins/com.st.stm32cube.ide.mcu.externaltools.gnu-tools-for-stm32.10.3-2021.10.win32_1.0.0.202111181127/tools/bin/../lib/gcc/arm-none-eabi/10.3.1/thumb/v7e-m+dp/hard\libc_nano.a failed
attempt to open d:/st/stm32cubeide_1.7.0/stm32cubeide/plugins/com.st.stm32cube.ide.mcu.externaltools.gnu-tools-for-stm32.10.3-2021.10.win32_1.0.0.202111181127/tools/bin/../lib/gcc/arm-none-eabi/10.3.1/../../../../arm-none-eabi/lib/thumb/v7e-m+dp/hard\libc_nano.a succeeded
d:/st/stm32cubeide_1.7.0/stm32cubeide/plugins/com.st.stm32cube.ide.mcu.externaltools.gnu-tools-for-stm32.10.3-2021.10.win32_1.0.0.202111181127/tools/bin/../lib/gcc/arm-none-eabi/10.3.1/../../../../arm-none-eabi/lib/thumb/v7e-m+dp/hard\libc_nano.a
attempt to open E:\GIt\ALIENTEK-STM32F767-\STM32F767_DriverLib\Debug\libnosys.a failed
attempt to open E:\GIt\ALIENTEK-STM32F767-\STM32F767_ApplicationLib\Debug\libnosys.a failed
attempt to open d:/st/stm32cubeide_1.7.0/stm32cubeide/plugins/com.st.stm32cube.ide.mcu.externaltools.gnu-tools-for-stm32.10.3-2021.10.win32_1.0.0.202111181127/tools/bin/../lib/gcc/arm-none-eabi/10.3.1/thumb/v7e-m+dp/hard\libnosys.a failed
attempt to open d:/st/stm32cubeide_1.7.0/stm32cubeide/plugins/com.st.stm32cube.ide.mcu.externaltools.gnu-tools-for-stm32.10.3-2021.10.win32_1.0.0.202111181127/tools/bin/../lib/gcc/arm-none-eabi/10.3.1/../../../../arm-none-eabi/lib/thumb/v7e-m+dp/hard\libnosys.a succeeded
d:/st/stm32cubeide_1.7.0/stm32cubeide/plugins/com.st.stm32cube.ide.mcu.externaltools.gnu-tools-for-stm32.10.3-2021.10.win32_1.0.0.202111181127/tools/bin/../lib/gcc/arm-none-eabi/10.3.1/../../../../arm-none-eabi/lib/thumb/v7e-m+dp/hard\libnosys.a
attempt to open d:/st/stm32cubeide_1.7.0/stm32cubeide/plugins/com.st.stm32cube.ide.mcu.externaltools.gnu-tools-for-stm32.10.3-2021.10.win32_1.0.0.202111181127/tools/bin/../lib/gcc/arm-none-eabi/10.3.1/thumb/v7e-m+dp/hard/crtend.o succeeded
d:/st/stm32cubeide_1.7.0/stm32cubeide/plugins/com.st.stm32cube.ide.mcu.externaltools.gnu-tools-for-stm32.10.3-2021.10.win32_1.0.0.202111181127/tools/bin/../lib/gcc/arm-none-eabi/10.3.1/thumb/v7e-m+dp/hard/crtend.o
attempt to open d:/st/stm32cubeide_1.7.0/stm32cubeide/plugins/com.st.stm32cube.ide.mcu.externaltools.gnu-tools-for-stm32.10.3-2021.10.win32_1.0.0.202111181127/tools/bin/../lib/gcc/arm-none-eabi/10.3.1/thumb/v7e-m+dp/hard/crtn.o succeeded
d:/st/stm32cubeide_1.7.0/stm32cubeide/plugins/com.st.stm32cube.ide.mcu.externaltools.gnu-tools-for-stm32.10.3-2021.10.win32_1.0.0.202111181127/tools/bin/../lib/gcc/arm-none-eabi/10.3.1/thumb/v7e-m+dp/hard/crtn.o
attempt to open libc.a failed
attempt to open E:\GIt\ALIENTEK-STM32F767-\STM32F767_DriverLib\Debug\libc.a failed
attempt to open E:\GIt\ALIENTEK-STM32F767-\STM32F767_ApplicationLib\Debug\libc.a failed
attempt to open d:/st/stm32cubeide_1.7.0/stm32cubeide/plugins/com.st.stm32cube.ide.mcu.externaltools.gnu-tools-for-stm32.10.3-2021.10.win32_1.0.0.202111181127/tools/bin/../lib/gcc/arm-none-eabi/10.3.1/thumb/v7e-m+dp/hard\libc.a failed
attempt to open d:/st/stm32cubeide_1.7.0/stm32cubeide/plugins/com.st.stm32cube.ide.mcu.externaltools.gnu-tools-for-stm32.10.3-2021.10.win32_1.0.0.202111181127/tools/bin/../lib/gcc/arm-none-eabi/10.3.1/../../../../arm-none-eabi/lib/thumb/v7e-m+dp/hard\libc.a succeeded
d:/st/stm32cubeide_1.7.0/stm32cubeide/plugins/com.st.stm32cube.ide.mcu.externaltools.gnu-tools-for-stm32.10.3-2021.10.win32_1.0.0.202111181127/tools/bin/../lib/gcc/arm-none-eabi/10.3.1/../../../../arm-none-eabi/lib/thumb/v7e-m+dp/hard\libc.a
attempt to open libm.a failed
attempt to open E:\GIt\ALIENTEK-STM32F767-\STM32F767_DriverLib\Debug\libm.a failed
attempt to open E:\GIt\ALIENTEK-STM32F767-\STM32F767_ApplicationLib\Debug\libm.a failed
attempt to open d:/st/stm32cubeide_1.7.0/stm32cubeide/plugins/com.st.stm32cube.ide.mcu.externaltools.gnu-tools-for-stm32.10.3-2021.10.win32_1.0.0.202111181127/tools/bin/../lib/gcc/arm-none-eabi/10.3.1/thumb/v7e-m+dp/hard\libm.a failed
attempt to open d:/st/stm32cubeide_1.7.0/stm32cubeide/plugins/com.st.stm32cube.ide.mcu.externaltools.gnu-tools-for-stm32.10.3-2021.10.win32_1.0.0.202111181127/tools/bin/../lib/gcc/arm-none-eabi/10.3.1/../../../../arm-none-eabi/lib/thumb/v7e-m+dp/hard\libm.a succeeded
d:/st/stm32cubeide_1.7.0/stm32cubeide/plugins/com.st.stm32cube.ide.mcu.externaltools.gnu-tools-for-stm32.10.3-2021.10.win32_1.0.0.202111181127/tools/bin/../lib/gcc/arm-none-eabi/10.3.1/../../../../arm-none-eabi/lib/thumb/v7e-m+dp/hard\libm.a
attempt to open libgcc.a failed
attempt to open E:\GIt\ALIENTEK-STM32F767-\STM32F767_DriverLib\Debug\libgcc.a failed
attempt to open E:\GIt\ALIENTEK-STM32F767-\STM32F767_ApplicationLib\Debug\libgcc.a failed
attempt to open d:/st/stm32cubeide_1.7.0/stm32cubeide/plugins/com.st.stm32cube.ide.mcu.externaltools.gnu-tools-for-stm32.10.3-2021.10.win32_1.0.0.202111181127/tools/bin/../lib/gcc/arm-none-eabi/10.3.1/thumb/v7e-m+dp/hard\libgcc.a succeeded
d:/st/stm32cubeide_1.7.0/stm32cubeide/plugins/com.st.stm32cube.ide.mcu.externaltools.gnu-tools-for-stm32.10.3-2021.10.win32_1.0.0.202111181127/tools/bin/../lib/gcc/arm-none-eabi/10.3.1/thumb/v7e-m+dp/hard\libgcc.a
Finished building target: Project.elf
 
arm-none-eabi-size   Project.elf 
arm-none-eabi-objdump -h -S  Project.elf  > "Project.list"
   text	   data	    bss	    dec	    hex	filename
   2576	      4	     28	   2608	    a30	Project.elf
Finished building: default.size.stdout
 
Finished building: Project.list
 
00:54:26 **** Incremental Build of configuration Debug for project STM32F767_DriverLib ****
make -j16 all 
make: Nothing to be done for 'all'.
00:54:26 **** Incremental Build of configuration Debug for project STM32F767_ApplicationLib ****
make -j16 all 
make: Nothing to be done for 'all'.
00:54:27 **** Incremental Build of configuration Debug for project Project ****
make -j16 all 
arm-none-eabi-size   Project.elf 
   text	   data	    bss	    dec	    hex	filename
   2576	      4	     28	   2608	    a30	Project.elf
Finished building: default.size.stdout
 
